[{"stream_name":"stderr","time":7.974566427,"data":"0.00s - Debugger warning: It seems that frozen modules are being used, which may\n"}
,{"stream_name":"stderr","time":7.974630525,"data":"0.00s - make the debugger miss breakpoints. Please pass -Xfrozen_modules=off\n"}
,{"stream_name":"stderr","time":7.97463454,"data":"0.00s - to python to disable frozen modules.\n"}
,{"stream_name":"stderr","time":7.974637085,"data":"0.00s - Note: Debugging will proceed. Set PYDEVD_DISABLE_FILE_VALIDATION=1 to disable this validation.\n"}
,{"stream_name":"stderr","time":8.57698119,"data":"0.00s - Debugger warning: It seems that frozen modules are being used, which may\n"}
,{"stream_name":"stderr","time":8.577010451,"data":"0.00s - make the debugger miss breakpoints. Please pass -Xfrozen_modules=off\n"}
,{"stream_name":"stderr","time":8.577013809,"data":"0.00s - to python to disable frozen modules.\n"}
,{"stream_name":"stderr","time":8.577016197,"data":"0.00s - Note: Debugging will proceed. Set PYDEVD_DISABLE_FILE_VALIDATION=1 to disable this validation.\n"}
,{"stream_name":"stdout","time":9.70757996,"data":"name, memory.total [MiB]\r\n"}
,{"stream_name":"stdout","time":9.707628225,"data":"Tesla T4, 15360 MiB\r\n"}
,{"stream_name":"stdout","time":9.707631746,"data":"Tesla T4, 15360 MiB\r\n"}
,{"stream_name":"stdout","time":13.363834996,"data":"\u001b[?25l   \u001b[90m━━━━━━━━━━━━━━━━━━━━━━━━━━━━━━━━━━━━━━━━\u001b[0m \u001b[32m0.0/12.3 MB\u001b[0m \u001b[31m?\u001b[0m eta \u001b[36m-:--:--\u001b[0m\r\u001b[2K   \u001b[91m━━━━━━━━━\u001b[0m\u001b[91m╸\u001b[0m\u001b[90m━━━━━━━━━━━━━━━━━━━━━━━━━━━━━━\u001b[0m \u001b[32m2.9/12.3 MB\u001b[0m \u001b[31m88.1 MB/s\u001b[0m eta \u001b[36m0:00:01\u001b[0m\r\u001b[2K   \u001b[91m━━━━━━━━━━━━━━━━━━━━━━━━━━━━━━━━━━━━━\u001b[0m\u001b[91m╸\u001b[0m\u001b[90m━━\u001b[0m \u001b[32m11.6/12.3 MB\u001b[0m \u001b[31m235.0 MB/s\u001b[0m eta \u001b[36m0:00:01\u001b[0m\r\u001b[2K   \u001b[91m━━━━━━━━━━━━━━━━━━━━━━━━━━━━━━━━━━━━━━━\u001b[0m\u001b[91m╸\u001b[0m \u001b[32m12.3/12.3 MB\u001b[0m \u001b[31m231.2 MB/s\u001b[0m eta \u001b[36m0:00:01\u001b[0m\r\u001b[2K   \u001b[90m━━━━━━━━━━━━━━━━━━━━━━━━━━━━━━━━━━━━━━━━\u001b[0m \u001b[32m12.3/12.3 MB\u001b[0m \u001b[31m101.5 MB/s\u001b[0m eta \u001b[36m0:00:00\u001b[0m\r\n"}
,{"stream_name":"stdout","time":13.363875141,"data":"\u001b[?25h\u001b[?25l   \u001b[90m━━━━━━━━━━━━━━━━━━━━━━━━━━━━━━━━━━━━━━━━\u001b[0m \u001b[32m0.0/516.0 kB\u001b[0m \u001b[31m?\u001b[0m eta \u001b[36m-:--:--\u001b[0m\r\u001b[2K   \u001b[90m━━━━━━━━━━━━━━━━━━━━━━━━━━━━━━━━━━━━━━━━\u001b[0m \u001b[32m516.0/516.0 kB\u001b[0m \u001b[31m26.7 MB/s\u001b[0m eta \u001b[36m0:00:00\u001b[0m\r\n"}
,{"stream_name":"stdout","time":13.414257056,"data":"\u001b[?25h\u001b[?25l   \u001b[90m━━━━━━━━━━━━━━━━━━━━━━━━━━━━━━━━━━━━━━━━\u001b[0m \u001b[32m0.0/3.4 MB\u001b[0m \u001b[31m?\u001b[0m eta \u001b[36m-:--:--\u001b[0m\r\u001b[2K   \u001b[91m━━━━━━━━━━━━━━━━━━━━━━━━━━━━━━━━━━━━━━━\u001b[0m\u001b[91m╸\u001b[0m \u001b[32m3.4/3.4 MB\u001b[0m \u001b[31m232.2 MB/s\u001b[0m eta \u001b[36m0:00:01\u001b[0m\r\u001b[2K   \u001b[90m━━━━━━━━━━━━━━━━━━━━━━━━━━━━━━━━━━━━━━━━\u001b[0m \u001b[32m3.4/3.4 MB\u001b[0m \u001b[31m88.1 MB/s\u001b[0m eta \u001b[36m0:00:00\u001b[0m\r\n"}
,{"stream_name":"stdout","time":26.995601093,"data":"\u001b[?25hBUNDLE = /kaggle/input/datasets/sancharimouri/terrain-relief-ctrl-bundle/bundle\n"}
,{"stream_name":"stdout","time":26.995634535,"data":"['read.md', 'tiles.json', 'terrain_relief_kaggle.py', 'dav2_small', 'oracle', 'cache']\n"}
,{"stream_name":"stdout","time":27.013419547,"data":"no previous output found: fresh start\n"}
,{"stream_name":"stdout","time":27.026433739,"data":"=== launch 0 ===\n"}
,{"stream_name":"stdout","time":33.028665145,"data":"[21:36:56] GPU: Tesla T4, torch 2.10.0+cu128\n"}
,{"stream_name":"stdout","time":33.029516099,"data":"[21:36:56] tiles 8: ['grsm_tn__USGS_LPC_TN_Eastern_2_16_B16_Del2_2016_LAS_2017-dtm-2m-4-4', 'grsm_tn__USGS_LPC_TN_Eastern_2_16_B16_Del2_2016_LAS_2017-dtm-2m-5-4', 'grsm_tn__USGS_LPC_TN_Eastern_2_16_B16_Del2_2016_LAS_2017-dtm-2m-6-5', 'mlbs_va__USGS_LPC_VA_FEMA_R3_Southwest_B_2016_LAS_2018-dtm-2m-14-10', 'mlbs_va__USGS_LPC_VA_FEMA_R3_Southwest_B_2016_LAS_2018-dtm-2m-14-11', 'mlbs_va__USGS_LPC_VA_FEMA_R3_Southwest_B_2016_LAS_2018-dtm-2m-15-11', 'tahoe_ca__CA_PlacerCo_2012-dtm-2m-12-5', 'tahoe_ca__USGS_LPC_CA_NoCAL_Wildfires_B1_2018-dtm-2m-5-5']\n"}
,{"stream_name":"stdout","time":65.036027724,"data":"\n"}
,{"stream_name":"stdout","time":65.037080042,"data":"Loading weights:   0%|          | 0/287 [00:00\u003c?, ?it/s]\n"}
,{"stream_name":"stdout","time":65.037803568,"data":"Loading weights:   5%|▍         | 14/287 [00:00\u003c00:02, 114.13it/s]\n"}
,{"stream_name":"stdout","time":65.038538044,"data":"Loading weights:  18%|█▊        | 53/287 [00:00\u003c00:00, 261.18it/s]\n"}
,{"stream_name":"stdout","time":67.036471866,"data":"Loading weights:  32%|███▏      | 92/287 [00:00\u003c00:00, 280.58it/s]\n"}
,{"stream_name":"stdout","time":67.037515596,"data":"Loading weights:  42%|████▏     | 121/287 [00:00\u003c00:00, 250.99it/s]\n"}
,{"stream_name":"stdout","time":67.038401835,"data":"Loading weights:  51%|█████     | 147/287 [00:00\u003c00:00, 245.56it/s]\n"}
,{"stream_name":"stdout","time":67.039355582,"data":"Loading weights:  64%|██████▍   | 184/287 [00:00\u003c00:00, 258.87it/s]\n"}
,{"stream_name":"stdout","time":67.040194214,"data":"Loading weights:  79%|███████▉  | 227/287 [00:00\u003c00:00, 306.52it/s]\n"}
,{"stream_name":"stdout","time":67.041038279,"data":"Loading weights:  94%|█████████▍| 270/287 [00:00\u003c00:00, 338.96it/s]\n"}
,{"stream_name":"stdout","time":67.041717108,"data":"Loading weights: 100%|██████████| 287/287 [00:00\u003c00:00, 296.73it/s]\n"}
,{"stream_name":"stdout","time":69.042102165,"data":"[21:37:31] [rank_fold0] device=cuda:0 train crops 863 steps 600 x batch 4\n"}
,{"stream_name":"stdout","time":77.043433591,"data":"[21:37:40] [rank_fold0] step 1/600 loss 13.7600 8.12s/step ETA 81.1 min GPU peak 7.4 GiB\n"}
,{"stream_name":"stdout","time":99.0490028,"data":"[21:38:01] [rank_fold0] step 25/600 loss 5.0500 1.18s/step ETA 11.3 min GPU peak 7.4 GiB\n"}
,{"stream_name":"stdout","time":121.049266363,"data":"[21:38:24] [rank_fold0] step 50/600 loss 2.6628 1.05s/step ETA 9.6 min GPU peak 7.4 GiB\n"}
,{"stream_name":"stdout","time":147.054645321,"data":"[21:38:48] [rank_fold0] step 75/600 loss 1.8484 1.02s/step ETA 8.9 min GPU peak 7.4 GiB\n"}
,{"stream_name":"stdout","time":171.054985936,"data":"[21:39:14] [rank_fold0] step 100/600 loss 1.4334 1.02s/step ETA 8.5 min GPU peak 7.4 GiB\n"}
,{"stream_name":"stdout","time":199.061138692,"data":"[21:39:42] [rank_fold0] step 125/600 loss 0.2115 1.04s/step ETA 8.2 min GPU peak 7.4 GiB\n"}
,{"stream_name":"stdout","time":227.062431346,"data":"[21:40:10] [rank_fold0] step 150/600 loss 0.1794 1.05s/step ETA 7.9 min GPU peak 7.4 GiB\n"}
,{"stream_name":"stdout","time":253.069044997,"data":"[21:40:36] [rank_fold0] step 175/600 loss 0.1605 1.05s/step ETA 7.4 min GPU peak 7.4 GiB\n"}
,{"stream_name":"stdout","time":281.069507008,"data":"[21:41:03] [rank_fold0] step 200/600 loss 0.1472 1.05s/step ETA 7.0 min GPU peak 7.4 GiB\n"}
,{"stream_name":"stdout","time":309.076167807,"data":"[21:41:31] [rank_fold0] step 225/600 loss 0.1377 1.06s/step ETA 6.6 min GPU peak 7.4 GiB\n"}
,{"stream_name":"stdout","time":335.077209013,"data":"[21:41:57] [rank_fold0] step 250/600 loss 0.1348 1.06s/step ETA 6.2 min GPU peak 7.4 GiB\n"}
,{"stream_name":"stdout","time":361.083513301,"data":"[21:42:24] [rank_fold0] step 275/600 loss 0.1339 1.06s/step ETA 5.8 min GPU peak 7.4 GiB\n"}
,{"stream_name":"stdout","time":389.084664937,"data":"[21:42:51] [rank_fold0] step 300/600 loss 0.1310 1.06s/step ETA 5.3 min GPU peak 7.4 GiB\n"}
,{"stream_name":"stdout","time":417.09282724,"data":"[21:43:19] [rank_fold0] step 325/600 loss 0.1249 1.07s/step ETA 4.9 min GPU peak 7.4 GiB\n"}
,{"stream_name":"stdout","time":443.092010642,"data":"[21:43:46] [rank_fold0] step 350/600 loss 0.1208 1.07s/step ETA 4.5 min GPU peak 7.4 GiB\n"}
,{"stream_name":"stdout","time":471.100395522,"data":"[21:44:13] [rank_fold0] step 375/600 loss 0.1107 1.07s/step ETA 4.0 min GPU peak 7.4 GiB\n"}
,{"stream_name":"stdout","time":497.09845671,"data":"[21:44:40] [rank_fold0] step 400/600 loss 0.1071 1.07s/step ETA 3.6 min GPU peak 7.4 GiB\n"}
,{"stream_name":"stdout","time":525.104949487,"data":"[21:45:07] [rank_fold0] step 425/600 loss 0.1088 1.07s/step ETA 3.1 min GPU peak 7.4 GiB\n"}
,{"stream_name":"stdout","time":551.105163087,"data":"[21:45:34] [rank_fold0] step 450/600 loss 0.1017 1.07s/step ETA 2.7 min GPU peak 7.4 GiB\n"}
,{"stream_name":"stdout","time":579.113436645,"data":"[21:46:01] [rank_fold0] step 475/600 loss 0.1030 1.07s/step ETA 2.2 min GPU peak 7.4 GiB\n"}
,{"stream_name":"stdout","time":605.11211077,"data":"[21:46:28] [rank_fold0] step 500/600 loss 0.0989 1.07s/step ETA 1.8 min GPU peak 7.4 GiB\n"}
,{"stream_name":"stdout","time":633.120618381,"data":"[21:46:55] [rank_fold0] step 525/600 loss 0.0968 1.07s/step ETA 1.3 min GPU peak 7.4 GiB\n"}
,{"stream_name":"stdout","time":659.119329232,"data":"[21:47:22] [rank_fold0] step 550/600 loss 0.0961 1.07s/step ETA 0.9 min GPU peak 7.4 GiB\n"}
,{"stream_name":"stdout","time":687.125751176,"data":"[21:47:49] [rank_fold0] step 575/600 loss 0.0915 1.07s/step ETA 0.4 min GPU peak 7.4 GiB\n"}
,{"stream_name":"stdout","time":713.126561802,"data":"[21:48:16] [rank_fold0] step 600/600 loss 0.0899 1.07s/step ETA 0.0 min GPU peak 7.4 GiB\n"}
,{"stream_name":"stdout","time":727.132000561,"data":"[21:48:30] fold0: scored grsm_tn__USGS_LPC_TN_Eastern_2_16_B16_Del2_2016_LAS_2017-dtm-2m-4-4\n"}
,{"stream_name":"stdout","time":739.131559358,"data":"[21:48:41] fold0: scored grsm_tn__USGS_LPC_TN_Eastern_2_16_B16_Del2_2016_LAS_2017-dtm-2m-5-4\n"}
,{"stream_name":"stdout","time":749.133247508,"data":"[21:48:52] fold0: scored grsm_tn__USGS_LPC_TN_Eastern_2_16_B16_Del2_2016_LAS_2017-dtm-2m-6-5\n"}
,{"stream_name":"stdout","time":761.140829173,"data":"[21:49:03] fold0: scored mlbs_va__USGS_LPC_VA_FEMA_R3_Southwest_B_2016_LAS_2018-dtm-2m-14-10\n"}
,{"stream_name":"stdout","time":771.137478289,"data":"[21:49:14] fold0: scored mlbs_va__USGS_LPC_VA_FEMA_R3_Southwest_B_2016_LAS_2018-dtm-2m-14-11\n"}
,{"stream_name":"stdout","time":783.13932361,"data":"[21:49:26] fold0: scored mlbs_va__USGS_LPC_VA_FEMA_R3_Southwest_B_2016_LAS_2018-dtm-2m-15-11\n"}
,{"stream_name":"stdout","time":795.144335371,"data":"[21:49:37] fold0: scored tahoe_ca__CA_PlacerCo_2012-dtm-2m-12-5\n"}
,{"stream_name":"stdout","time":805.143212086,"data":"[21:49:48] fold0: scored tahoe_ca__USGS_LPC_CA_NoCAL_Wildfires_B1_2018-dtm-2m-5-5\n"}
,{"stream_name":"stdout","time":807.144925092,"data":"[21:49:49] fold0: done 773s, 283 held-out crops with cells\n"}
,{"stream_name":"stdout","time":807.146106696,"data":"\n"}
,{"stream_name":"stdout","time":807.146991316,"data":"Loading weights:   0%|          | 0/287 [00:00\u003c?, ?it/s]\n"}
,{"stream_name":"stdout","time":807.14784809,"data":"Loading weights:  94%|█████████▍| 270/287 [00:00\u003c00:00, 2697.31it/s]\n"}
,{"stream_name":"stdout","time":807.148570085,"data":"Loading weights: 100%|██████████| 287/287 [00:00\u003c00:00, 2755.41it/s]\n"}
,{"stream_name":"stdout","time":807.149344765,"data":"[21:49:50] [rank_fold1] device=cuda:0 train crops 859 steps 600 x batch 4\n"}
,{"stream_name":"stdout","time":809.149779042,"data":"[21:49:51] [rank_fold1] step 1/600 loss 16.2211 1.08s/step ETA 10.8 min GPU peak 7.4 GiB\n"}
,{"stream_name":"stdout","time":835.156696693,"data":"[21:50:17] [rank_fold1] step 25/600 loss 4.3999 1.09s/step ETA 10.4 min GPU peak 7.4 GiB\n"}
,{"stream_name":"stdout","time":861.156294835,"data":"[21:50:44] [rank_fold1] step 50/600 loss 2.3286 1.08s/step ETA 9.9 min GPU peak 7.4 GiB\n"}
,{"stream_name":"stdout","time":889.163146056,"data":"[21:51:11] [rank_fold1] step 75/600 loss 1.6234 1.08s/step ETA 9.4 min GPU peak 7.4 GiB\n"}
,{"stream_name":"stdout","time":915.162330015,"data":"[21:51:38] [rank_fold1] step 100/600 loss 1.2652 1.08s/step ETA 9.0 min GPU peak 7.4 GiB\n"}
,{"stream_name":"stdout","time":943.169552371,"data":"[21:52:05] [rank_fold1] step 125/600 loss 0.2092 1.08s/step ETA 8.6 min GPU peak 7.4 GiB\n"}
,{"stream_name":"stdout","time":969.169019182,"data":"[21:52:32] [rank_fold1] step 150/600 loss 0.1812 1.08s/step ETA 8.1 min GPU peak 7.4 GiB\n"}
,{"stream_name":"stdout","time":997.176724313,"data":"[21:52:59] [rank_fold1] step 175/600 loss 0.1729 1.08s/step ETA 7.7 min GPU peak 7.4 GiB\n"}
,{"stream_name":"stdout","time":1023.176067935,"data":"[21:53:26] [rank_fold1] step 200/600 loss 0.1597 1.08s/step ETA 7.2 min GPU peak 7.4 GiB\n"}
,{"stream_name":"stdout","time":1051.186707353,"data":"[21:53:54] [rank_fold1] step 225/600 loss 0.1508 1.08s/step ETA 6.8 min GPU peak 7.4 GiB\n"}
,{"stream_name":"stdout","time":1079.183605866,"data":"[21:54:21] [rank_fold1] step 250/600 loss 0.1475 1.08s/step ETA 6.3 min GPU peak 7.4 GiB\n"}
,{"stream_name":"stdout","time":1105.193511865,"data":"[21:54:48] [rank_fold1] step 275/600 loss 0.1362 1.08s/step ETA 5.9 min GPU peak 7.4 GiB\n"}
,{"stream_name":"stdout","time":1131.19060184,"data":"[21:55:15] [rank_fold1] step 300/600 loss 0.1365 1.08s/step ETA 5.4 min GPU peak 7.4 GiB\n"}
,{"stream_name":"stdout","time":1159.19847462,"data":"[21:55:42] [rank_fold1] step 325/600 loss 0.1311 1.08s/step ETA 5.0 min GPU peak 7.4 GiB\n"}
,{"stream_name":"stdout","time":1187.198030613,"data":"[21:56:09] [rank_fold1] step 350/600 loss 0.1231 1.08s/step ETA 4.5 min GPU peak 7.4 GiB\n"}
,{"stream_name":"stdout","time":1213.206051358,"data":"[21:56:36] [rank_fold1] step 375/600 loss 0.1163 1.08s/step ETA 4.1 min GPU peak 7.4 GiB\n"}
,{"stream_name":"stdout","time":1241.205214146,"data":"[21:57:03] [rank_fold1] step 400/600 loss 0.1089 1.08s/step ETA 3.6 min GPU peak 7.4 GiB\n"}
,{"stream_name":"stdout","time":1267.212470624,"data":"[21:57:30] [rank_fold1] step 425/600 loss 0.1041 1.08s/step ETA 3.2 min GPU peak 7.4 GiB\n"}
,{"stream_name":"stdout","time":1295.21182467,"data":"[21:57:57] [rank_fold1] step 450/600 loss 0.1029 1.08s/step ETA 2.7 min GPU peak 7.4 GiB\n"}
,{"stream_name":"stdout","time":1321.223131785,"data":"[21:58:24] [rank_fold1] step 475/600 loss 0.0997 1.08s/step ETA 2.3 min GPU peak 7.4 GiB\n"}
,{"stream_name":"stdout","time":1349.21873509,"data":"[21:58:51] [rank_fold1] step 500/600 loss 0.0958 1.08s/step ETA 1.8 min GPU peak 7.4 GiB\n"}
,{"stream_name":"stdout","time":1375.229879564,"data":"[21:59:19] [rank_fold1] step 525/600 loss 0.0946 1.08s/step ETA 1.4 min GPU peak 7.4 GiB\n"}
,{"stream_name":"stdout","time":1403.226470862,"data":"[21:59:45] [rank_fold1] step 550/600 loss 0.0939 1.08s/step ETA 0.9 min GPU peak 7.4 GiB\n"}
,{"stream_name":"stdout","time":1429.235358588,"data":"[22:00:12] [rank_fold1] step 575/600 loss 0.0896 1.08s/step ETA 0.5 min GPU peak 7.4 GiB\n"}
,{"stream_name":"stdout","time":1457.234098833,"data":"[22:00:39] [rank_fold1] step 600/600 loss 0.0859 1.08s/step ETA 0.0 min GPU peak 7.4 GiB\n"}
,{"stream_name":"stdout","time":1469.243955963,"data":"[22:00:51] fold1: scored grsm_tn__USGS_LPC_TN_Eastern_2_16_B16_Del2_2016_LAS_2017-dtm-2m-4-4\n"}
,{"stream_name":"stdout","time":1479.238144704,"data":"[22:01:01] fold1: scored grsm_tn__USGS_LPC_TN_Eastern_2_16_B16_Del2_2016_LAS_2017-dtm-2m-5-4\n"}
,{"stream_name":"stdout","time":1489.239891614,"data":"[22:01:12] fold1: scored grsm_tn__USGS_LPC_TN_Eastern_2_16_B16_Del2_2016_LAS_2017-dtm-2m-6-5\n"}
,{"stream_name":"stdout","time":1501.249812005,"data":"[22:01:23] fold1: scored mlbs_va__USGS_LPC_VA_FEMA_R3_Southwest_B_2016_LAS_2018-dtm-2m-14-10\n"}
,{"stream_name":"stdout","time":1511.2435412949999,"data":"[22:01:34] fold1: scored mlbs_va__USGS_LPC_VA_FEMA_R3_Southwest_B_2016_LAS_2018-dtm-2m-14-11\n"}
,{"stream_name":"stdout","time":1521.245196181,"data":"[22:01:44] fold1: scored mlbs_va__USGS_LPC_VA_FEMA_R3_Southwest_B_2016_LAS_2018-dtm-2m-15-11\n"}
,{"stream_name":"stdout","time":1533.254877572,"data":"[22:01:55] fold1: scored tahoe_ca__CA_PlacerCo_2012-dtm-2m-12-5\n"}
,{"stream_name":"stdout","time":1543.249217388,"data":"[22:02:06] fold1: scored tahoe_ca__USGS_LPC_CA_NoCAL_Wildfires_B1_2018-dtm-2m-5-5\n"}
,{"stream_name":"stdout","time":1545.250936271,"data":"[22:02:07] fold1: done 738s, 287 held-out crops with cells\n"}
,{"stream_name":"stdout","time":1545.251728146,"data":"\n"}
,{"stream_name":"stdout","time":1545.252578091,"data":"Loading weights:   0%|          | 0/287 [00:00\u003c?, ?it/s]\n"}
,{"stream_name":"stdout","time":1545.253378094,"data":"Loading weights:  94%|█████████▎| 269/287 [00:00\u003c00:00, 2686.86it/s]\n"}
,{"stream_name":"stdout","time":1545.254123578,"data":"Loading weights: 100%|██████████| 287/287 [00:00\u003c00:00, 2740.84it/s]\n"}
,{"stream_name":"stdout","time":1545.254803467,"data":"[22:02:07] [rank_fold2] device=cuda:0 train crops 858 steps 600 x batch 4\n"}
,{"stream_name":"stdout","time":1547.254357254,"data":"[22:02:09] [rank_fold2] step 1/600 loss 14.4764 1.06s/step ETA 10.6 min GPU peak 7.4 GiB\n"}
,{"stream_name":"stdout","time":1571.26277257,"data":"[22:02:35] [rank_fold2] step 25/600 loss 4.6246 1.08s/step ETA 10.3 min GPU peak 7.4 GiB\n"}
,{"stream_name":"stdout","time":1599.26091839,"data":"[22:03:02] [rank_fold2] step 50/600 loss 2.4591 1.08s/step ETA 9.9 min GPU peak 7.4 GiB\n"}
,{"stream_name":"stdout","time":1627.270367628,"data":"[22:03:29] [rank_fold2] step 75/600 loss 1.7220 1.08s/step ETA 9.5 min GPU peak 7.4 GiB\n"}
,{"stream_name":"stdout","time":1653.268161579,"data":"[22:03:56] [rank_fold2] step 100/600 loss 1.3397 1.08s/step ETA 9.0 min GPU peak 7.4 GiB\n"}
,{"stream_name":"stdout","time":1681.276991901,"data":"[22:04:23] [rank_fold2] step 125/600 loss 0.2260 1.08s/step ETA 8.6 min GPU peak 7.4 GiB\n"}
,{"stream_name":"stdout","time":1707.274959328,"data":"[22:04:50] [rank_fold2] step 150/600 loss 0.1942 1.08s/step ETA 8.1 min GPU peak 7.4 GiB\n"}
,{"stream_name":"stdout","time":1735.283708733,"data":"[22:05:17] [rank_fold2] step 175/600 loss 0.1685 1.08s/step ETA 7.7 min GPU peak 7.4 GiB\n"}
,{"stream_name":"stdout","time":1761.281728745,"data":"[22:05:44] [rank_fold2] step 200/600 loss 0.1542 1.08s/step ETA 7.2 min GPU peak 7.4 GiB\n"}
,{"stream_name":"stdout","time":1789.290506223,"data":"[22:06:12] [rank_fold2] step 225/600 loss 0.1463 1.08s/step ETA 6.8 min GPU peak 7.4 GiB\n"}
,{"stream_name":"stdout","time":1815.288268752,"data":"[22:06:38] [rank_fold2] step 250/600 loss 0.1367 1.08s/step ETA 6.3 min GPU peak 7.4 GiB\n"}
,{"stream_name":"stdout","time":1843.297457463,"data":"[22:07:05] [rank_fold2] step 275/600 loss 0.1308 1.08s/step ETA 5.9 min GPU peak 7.4 GiB\n"}
,{"stream_name":"stdout","time":1869.295806714,"data":"[22:07:32] [rank_fold2] step 300/600 loss 0.1281 1.08s/step ETA 5.4 min GPU peak 7.4 GiB\n"}
,{"stream_name":"stdout","time":1897.304747199,"data":"[22:08:00] [rank_fold2] step 325/600 loss 0.1248 1.08s/step ETA 5.0 min GPU peak 7.4 GiB\n"}
,{"stream_name":"stdout","time":1923.301962819,"data":"[22:08:27] [rank_fold2] step 350/600 loss 0.1231 1.08s/step ETA 4.5 min GPU peak 7.4 GiB\n"}
,{"stream_name":"stdout","time":1951.310687341,"data":"[22:08:54] [rank_fold2] step 375/600 loss 0.1203 1.08s/step ETA 4.1 min GPU peak 7.4 GiB\n"}
,{"stream_name":"stdout","time":1977.308722689,"data":"[22:09:20] [rank_fold2] step 400/600 loss 0.1154 1.08s/step ETA 3.6 min GPU peak 7.4 GiB\n"}
,{"stream_name":"stdout","time":2005.32274183,"data":"[22:09:48] [rank_fold2] step 425/600 loss 0.1113 1.08s/step ETA 3.2 min GPU peak 7.4 GiB\n"}
,{"stream_name":"stdout","time":2033.317939431,"data":"[22:10:15] [rank_fold2] step 450/600 loss 0.1044 1.08s/step ETA 2.7 min GPU peak 7.4 GiB\n"}
,{"stream_name":"stdout","time":2059.331075237,"data":"[22:10:42] [rank_fold2] step 475/600 loss 0.1014 1.08s/step ETA 2.3 min GPU peak 7.4 GiB\n"}
,{"stream_name":"stdout","time":2085.325006073,"data":"[22:11:09] [rank_fold2] step 500/600 loss 0.1009 1.08s/step ETA 1.8 min GPU peak 7.4 GiB\n"}
,{"stream_name":"stdout","time":2113.333705399,"data":"[22:11:37] [rank_fold2] step 525/600 loss 0.0980 1.08s/step ETA 1.4 min GPU peak 7.4 GiB\n"}
,{"stream_name":"stdout","time":2141.332188918,"data":"[22:12:04] [rank_fold2] step 550/600 loss 0.0978 1.08s/step ETA 0.9 min GPU peak 7.4 GiB\n"}
,{"stream_name":"stdout","time":2167.345404146,"data":"[22:12:30] [rank_fold2] step 575/600 loss 0.0974 1.08s/step ETA 0.5 min GPU peak 7.4 GiB\n"}
,{"stream_name":"stdout","time":2195.339284295,"data":"[22:12:57] [rank_fold2] step 600/600 loss 0.0924 1.08s/step ETA 0.0 min GPU peak 7.4 GiB\n"}
,{"stream_name":"stdout","time":2207.350680439,"data":"[22:13:09] fold2: scored grsm_tn__USGS_LPC_TN_Eastern_2_16_B16_Del2_2016_LAS_2017-dtm-2m-4-4\n"}
,{"stream_name":"stdout","time":2217.34291473,"data":"[22:13:19] fold2: scored grsm_tn__USGS_LPC_TN_Eastern_2_16_B16_Del2_2016_LAS_2017-dtm-2m-5-4\n"}
,{"stream_name":"stdout","time":2227.344863509,"data":"[22:13:30] fold2: scored grsm_tn__USGS_LPC_TN_Eastern_2_16_B16_Del2_2016_LAS_2017-dtm-2m-6-5\n"}
,{"stream_name":"stdout","time":2239.352912384,"data":"[22:13:41] fold2: scored mlbs_va__USGS_LPC_VA_FEMA_R3_Southwest_B_2016_LAS_2018-dtm-2m-14-10\n"}
,{"stream_name":"stdout","time":2249.3492383,"data":"[22:13:52] fold2: scored mlbs_va__USGS_LPC_VA_FEMA_R3_Southwest_B_2016_LAS_2018-dtm-2m-14-11\n"}
,{"stream_name":"stdout","time":2259.351142344,"data":"[22:14:02] fold2: scored mlbs_va__USGS_LPC_VA_FEMA_R3_Southwest_B_2016_LAS_2018-dtm-2m-15-11\n"}
,{"stream_name":"stdout","time":2269.363270805,"data":"[22:14:13] fold2: scored tahoe_ca__CA_PlacerCo_2012-dtm-2m-12-5\n"}
,{"stream_name":"stdout","time":2281.355620286,"data":"[22:14:23] fold2: scored tahoe_ca__USGS_LPC_CA_NoCAL_Wildfires_B1_2018-dtm-2m-5-5\n"}
,{"stream_name":"stdout","time":2281.356612688,"data":"[22:14:25] fold2: done 737s, 288 held-out crops with cells\n"}
,{"stream_name":"stdout","time":2283.357781751,"data":"\n"}
,{"stream_name":"stdout","time":2283.358425236,"data":"Loading weights:   0%|          | 0/287 [00:00\u003c?, ?it/s]\n"}
,{"stream_name":"stdout","time":2283.359275547,"data":"Loading weights: 100%|██████████| 287/287 [00:00\u003c00:00, 2878.38it/s]\n"}
,{"stream_name":"stdout","time":2283.360000763,"data":"[22:14:25] [rank_fold3] device=cuda:0 train crops 858 steps 600 x batch 4\n"}
,{"stream_name":"stdout","time":2283.360658867,"data":"[22:14:26] [rank_fold3] step 1/600 loss 6.5603 1.06s/step ETA 10.5 min GPU peak 7.4 GiB\n"}
,{"stream_name":"stdout","time":2309.373716709,"data":"[22:14:52] [rank_fold3] step 25/600 loss 4.1356 1.07s/step ETA 10.3 min GPU peak 7.4 GiB\n"}
,{"stream_name":"stdout","time":2337.366349631,"data":"[22:15:19] [rank_fold3] step 50/600 loss 2.1984 1.08s/step ETA 9.9 min GPU peak 7.4 GiB\n"}
,{"stream_name":"stdout","time":2363.37638126,"data":"[22:15:46] [rank_fold3] step 75/600 loss 1.5379 1.08s/step ETA 9.4 min GPU peak 7.4 GiB\n"}
,{"stream_name":"stdout","time":2391.373328676,"data":"[22:16:13] [rank_fold3] step 100/600 loss 1.2050 1.08s/step ETA 9.0 min GPU peak 7.4 GiB\n"}
,{"stream_name":"stdout","time":2417.383346106,"data":"[22:16:40] [rank_fold3] step 125/600 loss 0.2133 1.08s/step ETA 8.6 min GPU peak 7.4 GiB\n"}
,{"stream_name":"stdout","time":2445.381076039,"data":"[22:17:07] [rank_fold3] step 150/600 loss 0.1841 1.08s/step ETA 8.1 min GPU peak 7.4 GiB\n"}
,{"stream_name":"stdout","time":2471.391152485,"data":"[22:17:34] [rank_fold3] step 175/600 loss 0.1642 1.08s/step ETA 7.7 min GPU peak 7.4 GiB\n"}
,{"stream_name":"stdout","time":2499.387964369,"data":"[22:18:01] [rank_fold3] step 200/600 loss 0.1466 1.08s/step ETA 7.2 min GPU peak 7.4 GiB\n"}
,{"stream_name":"stdout","time":2525.397702026,"data":"[22:18:29] [rank_fold3] step 225/600 loss 0.1348 1.08s/step ETA 6.8 min GPU peak 7.4 GiB\n"}
,{"stream_name":"stdout","time":2553.393895376,"data":"[22:18:55] [rank_fold3] step 250/600 loss 0.1316 1.08s/step ETA 6.3 min GPU peak 7.4 GiB\n"}
,{"stream_name":"stdout","time":2579.404694931,"data":"[22:19:22] [rank_fold3] step 275/600 loss 0.1270 1.08s/step ETA 5.9 min GPU peak 7.4 GiB\n"}
,{"stream_name":"stdout","time":2607.400493795,"data":"[22:19:49] [rank_fold3] step 300/600 loss 0.1226 1.08s/step ETA 5.4 min GPU peak 7.4 GiB\n"}
,{"stream_name":"stdout","time":2633.410829516,"data":"[22:20:17] [rank_fold3] step 325/600 loss 0.1181 1.08s/step ETA 5.0 min GPU peak 7.4 GiB\n"}
,{"stream_name":"stdout","time":2661.407362954,"data":"[22:20:44] [rank_fold3] step 350/600 loss 0.1121 1.08s/step ETA 4.5 min GPU peak 7.4 GiB\n"}
,{"stream_name":"stdout","time":2687.417320372,"data":"[22:21:10] [rank_fold3] step 375/600 loss 0.1105 1.08s/step ETA 4.1 min GPU peak 7.4 GiB\n"}
,{"stream_name":"stdout","time":2715.413983579,"data":"[22:21:37] [rank_fold3] step 400/600 loss 0.1077 1.08s/step ETA 3.6 min GPU peak 7.4 GiB\n"}
,{"stream_name":"stdout","time":2743.425054062,"data":"[22:22:05] [rank_fold3] step 425/600 loss 0.1072 1.08s/step ETA 3.2 min GPU peak 7.4 GiB\n"}
,{"stream_name":"stdout","time":2769.420691633,"data":"[22:22:32] [rank_fold3] step 450/600 loss 0.1031 1.08s/step ETA 2.7 min GPU peak 7.4 GiB\n"}
,{"stream_name":"stdout","time":2795.431025926,"data":"[22:22:59] [rank_fold3] step 475/600 loss 0.0975 1.08s/step ETA 2.3 min GPU peak 7.4 GiB\n"}
,{"stream_name":"stdout","time":2823.426860994,"data":"[22:23:25] [rank_fold3] step 500/600 loss 0.0927 1.08s/step ETA 1.8 min GPU peak 7.4 GiB\n"}
,{"stream_name":"stdout","time":2851.437245307,"data":"[22:23:53] [rank_fold3] step 525/600 loss 0.0919 1.08s/step ETA 1.4 min GPU peak 7.4 GiB\n"}
,{"stream_name":"stdout","time":2877.434105213,"data":"[22:24:20] [rank_fold3] step 550/600 loss 0.0891 1.08s/step ETA 0.9 min GPU peak 7.4 GiB\n"}
,{"stream_name":"stdout","time":2903.444725267,"data":"[22:24:47] [rank_fold3] step 575/600 loss 0.0857 1.08s/step ETA 0.5 min GPU peak 7.4 GiB\n"}
,{"stream_name":"stdout","time":2931.440327789,"data":"[22:25:14] [rank_fold3] step 600/600 loss 0.0856 1.08s/step ETA 0.0 min GPU peak 7.4 GiB\n"}
,{"stream_name":"stdout","time":2943.454788241,"data":"[22:25:25] fold3: scored grsm_tn__USGS_LPC_TN_Eastern_2_16_B16_Del2_2016_LAS_2017-dtm-2m-4-4\n"}
,{"stream_name":"stdout","time":2953.444634646,"data":"[22:25:36] fold3: scored grsm_tn__USGS_LPC_TN_Eastern_2_16_B16_Del2_2016_LAS_2017-dtm-2m-5-4\n"}
,{"stream_name":"stdout","time":2965.446415425,"data":"[22:25:47] fold3: scored grsm_tn__USGS_LPC_TN_Eastern_2_16_B16_Del2_2016_LAS_2017-dtm-2m-6-5\n"}
,{"stream_name":"stdout","time":2975.455470139,"data":"[22:25:58] fold3: scored mlbs_va__USGS_LPC_VA_FEMA_R3_Southwest_B_2016_LAS_2018-dtm-2m-14-10\n"}
,{"stream_name":"stdout","time":2985.450243538,"data":"[22:26:09] fold3: scored mlbs_va__USGS_LPC_VA_FEMA_R3_Southwest_B_2016_LAS_2018-dtm-2m-14-11\n"}
,{"stream_name":"stdout","time":2997.451878444,"data":"[22:26:19] fold3: scored mlbs_va__USGS_LPC_VA_FEMA_R3_Southwest_B_2016_LAS_2018-dtm-2m-15-11\n"}
,{"stream_name":"stdout","time":3007.461175039,"data":"[22:26:30] fold3: scored tahoe_ca__CA_PlacerCo_2012-dtm-2m-12-5\n"}
,{"stream_name":"stdout","time":3017.455748795,"data":"[22:26:41] fold3: scored tahoe_ca__USGS_LPC_CA_NoCAL_Wildfires_B1_2018-dtm-2m-5-5\n"}
,{"stream_name":"stdout","time":3019.457580859,"data":"[22:26:42] fold3: done 737s, 288 held-out crops with cells\n"}
,{"stream_name":"stdout","time":3019.458376309,"data":"[22:26:42] GPU peak memory 7.39 GiB\n"}
,{"stream_name":"stdout","time":3019.459384637,"data":"{\n"}
,{"stream_name":"stdout","time":3019.460423408,"data":" \"n_tiles\": 8,\n"}
,{"stream_name":"stdout","time":3019.461283716,"data":" \"slopes\": {\n"}
,{"stream_name":"stdout","time":3019.462273732,"data":"  \"model_median\": 60.577548439608506,\n"}
,{"stream_name":"stdout","time":3019.463210831,"data":"  \"oracle_median\": 397.8918544304622,\n"}
,{"stream_name":"stdout","time":3019.464091013,"data":"  \"model_frac_negative\": 0.0,\n"}
,{"stream_name":"stdout","time":3019.465270022,"data":"  \"oracle_frac_negative\": 0.125\n"}
,{"stream_name":"stdout","time":3019.466216236,"data":" },\n"}
,{"stream_name":"stdout","time":3019.467248563,"data":" \"verdict_real_signal\": true\n"}
,{"stream_name":"stdout","time":3019.468192339,"data":"}\n"}
,{"stream_name":"stdout","time":3019.469184666,"data":"icesat2 {\"model_mean_rmse\": 30.957269538919668, \"oracle_mean_rmse\": 44.12582776375544, \"model_minus_oracle\": -13.168558224835774, \"ci95\": [-15.554306781390439, -10.331376234905832], \"model_wins\": 8, \"wilcoxon_p\": 0.0078125, \"wilcoxon_p_holm\": 0.015625, \"flat_mean_rmse\": 45.72695323132336, \"fabdem_mean_rmse\": 0.2723259582830898}\n"}
,{"stream_name":"stdout","time":3019.470091009,"data":"dem_heldout {\"model_mean_rmse\": 30.33955601764117, \"oracle_mean_rmse\": 43.86229001740293, \"model_minus_oracle\": -13.52273399976176, \"ci95\": [-15.922417443809701, -10.683276601207625], \"model_wins\": 8, \"wilcoxon_p\": 0.0078125, \"wilcoxon_p_holm\": 0.015625}\n"}
,{"stream_name":"stdout","time":3019.471009871,"data":"{\n"}
,{"stream_name":"stdout","time":3019.472054079,"data":" \"reproduction\": \"not a re-fit: scores from the run itself\",\n"}
,{"stream_name":"stdout","time":3019.472874097,"data":" \"min_cells_per_crop\": 10,\n"}
,{"stream_name":"stdout","time":3019.473933737,"data":" \"n_tiles\": 8,\n"}
,{"stream_name":"stdout","time":3019.47500945,"data":" \"means\": {\n"}
,{"stream_name":"stdout","time":3019.475818667,"data":"  \"within_crop_model\": {\n"}
,{"stream_name":"stdout","time":3019.476860168,"data":"   \"mean\": 0.729675555594228,\n"}
,{"stream_name":"stdout","time":3019.477943432,"data":"   \"ci95\": [\n"}
,{"stream_name":"stdout","time":3019.478919614,"data":"    0.6879094050993897,\n"}
,{"stream_name":"stdout","time":3019.479871796,"data":"    0.7676222257493258\n"}
,{"stream_name":"stdout","time":3019.480856406,"data":"   ],\n"}
,{"stream_name":"stdout","time":3019.481819072,"data":"   \"n\": 8\n"}
,{"stream_name":"stdout","time":3019.482755382,"data":"  },\n"}
,{"stream_name":"stdout","time":3019.483760364,"data":"  \"within_crop_oracle\": {\n"}
,{"stream_name":"stdout","time":3019.484677068,"data":"   \"mean\": 0.24992528085999866,\n"}
,{"stream_name":"stdout","time":3019.48565596,"data":"   \"ci95\": [\n"}
,{"stream_name":"stdout","time":3019.486807617,"data":"    0.07839788383511953,\n"}
,{"stream_name":"stdout","time":3019.487651966,"data":"    0.4116337063489737\n"}
,{"stream_name":"stdout","time":3019.488602659,"data":"   ],\n"}
,{"stream_name":"stdout","time":3019.489587846,"data":"   \"n\": 8\n"}
,{"stream_name":"stdout","time":3019.490367556,"data":"  },\n"}
,{"stream_name":"stdout","time":3019.491178653,"data":"  \"within_crop_fab\": {\n"}
,{"stream_name":"stdout","time":3019.492121827,"data":"   \"mean\": 0.9987363178776107,\n"}
,{"stream_name":"stdout","time":3019.492948802,"data":"   \"ci95\": [\n"}
,{"stream_name":"stdout","time":3019.493686858,"data":"    0.9963883240910641,\n"}
,{"stream_name":"stdout","time":3019.494443385,"data":"    0.9999434521275203\n"}
,{"stream_name":"stdout","time":3019.495594509,"data":"   ],\n"}
,{"stream_name":"stdout","time":3019.496412929,"data":"   \"n\": 8\n"}
,{"stream_name":"stdout","time":3019.497380912,"data":"  },\n"}
,{"stream_name":"stdout","time":3019.498291759,"data":"  \"calib_implied_r\": {\n"}
,{"stream_name":"stdout","time":3019.499247335,"data":"   \"mean\": 0.7388402409563176,\n"}
,{"stream_name":"stdout","time":3019.50017378,"data":"   \"ci95\": [\n"}
,{"stream_name":"stdout","time":3019.501137793,"data":"    0.6625141590385868,\n"}
,{"stream_name":"stdout","time":3019.502109336,"data":"    0.8038402530766943\n"}
,{"stream_name":"stdout","time":3019.50306294,"data":"   ],\n"}
,{"stream_name":"stdout","time":3019.503965515,"data":"   \"n\": 8\n"}
,{"stream_name":"stdout","time":3019.50501655,"data":"  },\n"}
,{"stream_name":"stdout","time":3019.505969993,"data":"  \"pooled_within_crop_model\": 0.7299145095703751,\n"}
,{"stream_name":"stdout","time":3019.50683533,"data":"  \"pooled_within_crop_oracle\": 0.24865453843162935,\n"}
,{"stream_name":"stdout","time":3019.507813214,"data":"  \"pooled_within_crop_fab\": 0.9987301911765916\n"}
,{"stream_name":"stdout","time":3019.508836186,"data":" },\n"}
,{"stream_name":"stdout","time":3019.509791752,"data":" \"tests\": {\n"}
,{"stream_name":"stdout","time":3019.510719357,"data":"  \"model_vs_oracle\": {\n"}
,{"stream_name":"stdout","time":3019.511705858,"data":"   \"diff_mean\": 0.47975027473422943,\n"}
,{"stream_name":"stdout","time":3019.512626894,"data":"   \"ci95\": [\n"}
,{"stream_name":"stdout","time":3019.513527129,"data":"    0.3228462534189992,\n"}
,{"stream_name":"stdout","time":3019.514463227,"data":"    0.6641215545784523\n"}
,{"stream_name":"stdout","time":3019.515303701,"data":"   ],\n"}
,{"stream_name":"stdout","time":3019.516083891,"data":"   \"model_higher\": 8,\n"}
,{"stream_name":"stdout","time":3019.516957934,"data":"   \"n\": 8,\n"}
,{"stream_name":"stdout","time":3019.517822632,"data":"   \"wilcoxon_p\": 0.0078125\n"}
,{"stream_name":"stdout","time":3019.51848574,"data":"  },\n"}
,{"stream_name":"stdout","time":3019.519221253,"data":"  \"model_spearman_minus_calib_implied\": {\n"}
,{"stream_name":"stdout","time":3019.519939823,"data":"   \"diff_mean\": -0.009164685362089503,\n"}
,{"stream_name":"stdout","time":3019.520749801,"data":"   \"ci95\": [\n"}
,{"stream_name":"stdout","time":3019.52153091,"data":"    -0.06629894105669644,\n"}
,{"stream_name":"stdout","time":3019.52231869,"data":"    0.0744647925250748\n"}
,{"stream_name":"stdout","time":3019.522980615,"data":"   ],\n"}
,{"stream_name":"stdout","time":3019.523696742,"data":"   \"spearman_higher\": 1,\n"}
,{"stream_name":"stdout","time":3019.524489011,"data":"   \"n\": 8,\n"}
,{"stream_name":"stdout","time":3019.525298614,"data":"   \"wilcoxon_p\": 0.1953125\n"}
,{"stream_name":"stdout","time":3019.52598267,"data":"  }\n"}
,{"stream_name":"stdout","time":3019.526722502,"data":" },\n"}
,{"stream_name":"stdout","time":3019.527540417,"data":" \"pre_registered_verdict\": \"PASS (strong)\"\n"}
,{"stream_name":"stdout","time":3019.528337432,"data":"}\n"}
,{"stream_name":"stdout","time":3019.529088227,"data":"[22:26:42] DONE\n"}
,{"stream_name":"stdout","time":3023.517808004,"data":"=== finished ===\n"}
,{"stream_name":"stdout","time":3023.545784434,"data":"['cells_fold0.npz', 'cells_fold1.npz', 'cells_fold2.npz', 'cells_fold3.npz', 'ckpt_fold0.pt', 'ckpt_fold1.pt', 'ckpt_fold2.pt', 'ckpt_fold3.pt', 'crops_fold0.json', 'crops_fold1.json', 'crops_fold2.json', 'crops_fold3.json', 'eval_rank_fold0.json', 'eval_rank_fold1.json', 'eval_rank_fold2.json', 'eval_rank_fold3.json', 'raw_spearman', 'summary.json']\n"}
,{"stream_name":"stdout","time":3023.545806383,"data":"{\n"}
,{"stream_name":"stdout","time":3023.545810868,"data":" \"reproduction\": \"not a re-fit: scores from the run itself\",\n"}
,{"stream_name":"stdout","time":3023.545814791,"data":" \"min_cells_per_crop\": 10,\n"}
,{"stream_name":"stdout","time":3023.545818473,"data":" \"n_tiles\": 8,\n"}
,{"stream_name":"stdout","time":3023.545821985,"data":" \"means\": {\n"}
,{"stream_name":"stdout","time":3023.545825649,"data":"  \"within_crop_model\": {\n"}
,{"stream_name":"stdout","time":3023.545828985,"data":"   \"mean\": 0.729675555594228,\n"}
,{"stream_name":"stdout","time":3023.545832315,"data":"   \"ci95\": [\n"}
,{"stream_name":"stdout","time":3023.545835654,"data":"    0.6879094050993897,\n"}
,{"stream_name":"stdout","time":3023.545839157,"data":"    0.7676222257493258\n"}
,{"stream_name":"stdout","time":3023.545842435,"data":"   ],\n"}
,{"stream_name":"stdout","time":3023.545845811,"data":"   \"n\": 8\n"}
,{"stream_name":"stdout","time":3023.545849249,"data":"  },\n"}
,{"stream_name":"stdout","time":3023.545852769,"data":"  \"within_crop_oracle\": {\n"}
,{"stream_name":"stdout","time":3023.545856302,"data":"   \"mean\": 0.24992528085999866,\n"}
,{"stream_name":"stdout","time":3023.545859821,"data":"   \"ci95\": [\n"}
,{"stream_name":"stdout","time":3023.545863005,"data":"    0.07839788383511953,\n"}
,{"stream_name":"stdout","time":3023.545866557,"data":"    0.4116337063489737\n"}
,{"stream_name":"stdout","time":3023.545869937,"data":"   ],\n"}
,{"stream_name":"stdout","time":3023.545873637,"data":"   \"n\": 8\n"}
,{"stream_name":"stdout","time":3023.545877088,"data":"  },\n"}
,{"stream_name":"stdout","time":3023.545880426,"data":"  \"within_crop_fab\": {\n"}
,{"stream_name":"stdout","time":3023.545883972,"data":"   \"mean\": 0.9987363178776107,\n"}
,{"stream_name":"stdout","time":3023.545887519,"data":"   \"ci95\": [\n"}
,{"stream_name":"stdout","time":3023.545891163,"data":"    0.9963883240910641,\n"}
,{"stream_name":"stdout","time":3023.545922147,"data":"    0.9999434521275203\n"}
,{"stream_name":"stdout","time":3023.545929132,"data":"   ],\n"}
,{"stream_name":"stdout","time":3023.545932519,"data":"   \"n\": 8\n"}
,{"stream_name":"stdout","time":3023.545935498,"data":"  },\n"}
,{"stream_name":"stdout","time":3023.545938779,"data":"  \"calib_implied_r\": {\n"}
,{"stream_name":"stdout","time":3023.545942139,"data":"   \"mean\": 0.7388402409563176,\n"}
,{"stream_name":"stdout","time":3023.545945483,"data":"   \"ci95\": [\n"}
,{"stream_name":"stdout","time":3023.545948706,"data":"    0.6625141590385868,\n"}
,{"stream_name":"stdout","time":3023.545951939,"data":"    0.8038402530766943\n"}
,{"stream_name":"stdout","time":3023.545955157,"data":"   ],\n"}
,{"stream_name":"stdout","time":3023.545958982,"data":"   \"n\": 8\n"}
,{"stream_name":"stdout","time":3023.545961978,"data":"  },\n"}
,{"stream_name":"stdout","time":3023.545965297,"data":"  \"pooled_within_crop_model\": 0.7299145095703751,\n"}
,{"stream_name":"stdout","time":3023.545968798,"data":"  \"pooled_within_crop_oracle\": 0.24865453843162935,\n"}
,{"stream_name":"stdout","time":3023.545972228,"data":"  \"pooled_within_crop_fab\": 0.9987301911765916\n"}
,{"stream_name":"stdout","time":3023.545975471,"data":" },\n"}
,{"stream_name":"stdout","time":3023.545978783,"data":" \"tests\": {\n"}
,{"stream_name":"stdout","time":3023.545982108,"data":"  \"model_vs_oracle\": {\n"}
,{"stream_name":"stdout","time":3023.545985326,"data":"   \"diff_mean\": 0.47975027473422943,\n"}
,{"stream_name":"stdout","time":3023.545988707,"data":"   \"ci95\": [\n"}
,{"stream_name":"stdout","time":3023.545992086,"data":"    0.3228462534189992,\n"}
,{"stream_name":"stdout","time":3023.545995399,"data":"    0.6641215545784523\n"}
,{"stream_name":"stdout","time":3023.545998668,"data":"   ],\n"}
,{"stream_name":"stdout","time":3023.546001746,"data":"   \"model_higher\": 8,\n"}
,{"stream_name":"stdout","time":3023.546005203,"data":"   \"n\": 8,\n"}
,{"stream_name":"stdout","time":3023.546008523,"data":"   \"wilcoxon_p\": 0.0078125\n"}
,{"stream_name":"stdout","time":3023.546012111,"data":"  },\n"}
,{"stream_name":"stdout","time":3023.546015488,"data":"  \"model_spearman_minus_calib_implied\": {\n"}
,{"stream_name":"stdout","time":3023.546019473,"data":"   \"diff_mean\": -0.009164685362089503,\n"}
,{"stream_name":"stdout","time":3023.54602289,"data":"   \"ci95\": [\n"}
,{"stream_name":"stdout","time":3023.546026419,"data":"    -0.06629894105669644,\n"}
,{"stream_name":"stdout","time":3023.546029559,"data":"    0.0744647925250748\n"}
,{"stream_name":"stdout","time":3023.546033238,"data":"   ],\n"}
,{"stream_name":"stdout","time":3023.546036449,"data":"   \"spearman_higher\": 1,\n"}
,{"stream_name":"stdout","time":3023.546039808,"data":"   \"n\": 8,\n"}
,{"stream_name":"stdout","time":3023.546043111,"data":"   \"wilcoxon_p\": 0.1953125\n"}
,{"stream_name":"stdout","time":3023.546046512,"data":"  }\n"}
,{"stream_name":"stdout","time":3023.546050362,"data":" },\n"}
,{"stream_name":"stdout","time":3023.546053727,"data":" \"per_tile\": {\n"}
,{"stream_name":"stdout","time":3023.546057587,"data":"  \"grsm_tn__USGS_LPC_TN_Eastern_2_16_B16_Del2_2016_LAS_2017-dtm-2m-4-4\": {\n"}
,{"stream_name":"stdout","time":3023.546061796,"data":"   \"within_crop_model\": 0.6653803732098671,\n"}
,{"stream_name":"stdout","time":3023.546065046,"data":"   \"within_crop_oracle\": 0.09953758351786467,\n"}
,{"stream_name":"stdout","time":3023.546068455,"data":"   \"within_crop_fab\": 0.999973435570427,\n"}
,{"stream_name":"stdout","time":3023.546078557,"data":"   \"n_cells_scored\": 57600,\n"}
,{"stream_name":"stdout","time":3023.546082379,"data":"   \"calib_re\n"}
,{"stream_name":"stderr","time":3025.926226706,"data":"/usr/local/lib/python3.12/dist-packages/mistune.py:435: SyntaxWarning: invalid escape sequence '\\|'\n"}
,{"stream_name":"stderr","time":3025.926265102,"data":"  cells[i][c] = re.sub('\\\\\\\\\\|', '|', cell)\n"}
,{"stream_name":"stderr","time":3026.088833423,"data":"/usr/local/lib/python3.12/dist-packages/nbconvert/filters/filter_links.py:36: SyntaxWarning: invalid escape sequence '\\_'\n"}
,{"stream_name":"stderr","time":3026.088858474,"data":"  text = re.sub(r'_', '\\_', text) # Escape underscores in display text\n"}
,{"stream_name":"stderr","time":3026.713751991,"data":"[NbConvertApp] Converting notebook __notebook__.ipynb to notebook\n"}
,{"stream_name":"stderr","time":3027.034288894,"data":"[NbConvertApp] Writing 30704 bytes to __notebook__.ipynb\n"}
,{"stream_name":"stderr","time":3029.357987265,"data":"[NbConvertApp] Converting notebook __notebook__.ipynb to html\n"}
,{"stream_name":"stderr","time":3030.152980272,"data":"[NbConvertApp] Writing 310736 bytes to __results__.html\n"}
]